../Core/Src/main.c:80:6:HAL_CAN_RxFifo0MsgPendingCallback	16	static
../Core/Src/main.c:92:6:Normal_GreenLED	8	static
../Core/Src/main.c:100:6:Goslow_YelloLED	8	static
../Core/Src/main.c:108:6:Alert_RedLED	8	static
../Core/Src/main.c:116:6:Accident_Alarm	8	static
../Core/Src/main.c:132:5:main	112	static
../Core/Src/main.c:270:6:SystemClock_Config	88	static
../Core/Src/main.c:316:13:MX_CAN1_Init	48	static
../Core/Src/main.c:370:13:MX_I2C1_Init	8	static
../Core/Src/main.c:404:13:MX_TIM1_Init	96	static
../Core/Src/main.c:479:13:MX_USART2_UART_Init	8	static
../Core/Src/main.c:512:13:MX_GPIO_Init	48	static
../Core/Src/main.c:547:6:Error_Handler	4	static,ignoring_inline_asm
